1-
$compress file.txt
$uncompress file.txt
________
$gzip file.txt
$gzip -d file.txt
__________________
$zip archive.zip file1.txt file2.txt
$unzip archive.zip

differences :
compress uses the LZW algorithm -> سريعه بس برضوا مساحاته يمكن اكبر من 
gzip 

gzip uses the DEFLATE algorithm -> سريع في الضغط لكن مش بيقلل المساحه جامد 

zip -> creates zip archives, which are versatile and widely supported

can search about : bzip2 and xz  

2-$ zcat file.txt.gz

3- $sudo tar -cvf backup_ect.tar /etc/

4-$ find ~ -mtime -2

5-$ sudo find /etc -uid 0
or
$sudo find /etc -user root

6- $find ~ -type d

7-$ find / -iname ".profile" -type f 
-iname -> to ignore case sensitive 
in this example -iname or -name both true 

8-
[hamin@cento ~]$ file /etc/passwd
/etc/passwd: ASCII text

[hamin@cento ~]$ file /dev/pts/0
/dev/pts/0: character special (136/0)

[hamin@cento ~]$ file /etc/
/etc/: directory

[hamin@cento ~]$ file /dev/sda
/dev/sda: block special (8/0)

9-
$ ls -id /
$ ls -id /etc/
$ ls -i /etc/hosts

10- 
$ cp /etc/passwd hossam_mypasswd
$ diff hossam_mypasswd /etc/passwd
nothing output the same 

// edit in my file
$ echo "new line in my file" >> hossam_mypasswd 

[hamin@cento ~]$ diff hossam_mypasswd /etc/passwd
42d41
< new line in my file

file hossam_mypasswd is 42 line 
/etc/passwd is 41 line 
and the different line is -> new line in my file 


11-sudo ln -s /etc/passwd /boot/

12-[hamin@cento boot]$ sudo ln  /etc/passwd /boot/
ln: failed to create hard link '/boot/passwd': File exists

error can’t do it 
why ? 
 Hard links can only be created within the same filesystem

hard link reference to the same blocks to the file want to make a hard link to it 


